// Jest Snapshot v1, https://goo.gl/fbAQLP

exports[`Should render a ExpenseListItem with data  1`] = `
<div>
  <Link
    to="/edit/2"
  >
    <h3>
      gfdgfd
    </h3>
  </Link>
  <p>
    65.5
     - 
    27/12/1969
  </p>
</div>
`;
